2026-08-08 19:37:07 | warnings | 139807004161856 | WARNING : /root/miniconda3/envs/kernelbench-musa/lib/python3.10/site-packages/torchada/_cpp_ops.py:158: UserWarning: Failed to load torchada C++ ops: Error building extension 'torchada_cpp_ops': [1/3] c++ -MMD -MF musa_ops.o.d -DTORCH_EXTENSION_NAME=torchada_cpp_ops -DTORCH_API_INCLUDE_EXTENSION_H -DPYBIND11_COMPILER_TYPE=\"_gcc\" -DPYBIND11_STDLIB=\"_libstdcpp\" -DPYBIND11_BUILD_ABI=\"_cxxabi1016\" -I/root/miniconda3/envs/kernelbench-musa/lib/python3.10/site-packages/torchada/csrc -isystem /root/miniconda3/envs/kernelbench-musa/lib/python3.10/site-packages/torch/include -isystem /root/miniconda3/envs/kernelbench-musa/lib/python3.10/site-packages/torch/include/torch/csrc/api/include -isystem /root/miniconda3/envs/kernelbench-musa/lib/python3.10/site-packages/torch/include/TH -isystem /root/miniconda3/envs/kernelbench-musa/lib/python3.10/site-packages/torch/include/THC -isystem /root/miniconda3/envs/kernelbench-musa/include/python3.10 -D_GLIBCXX_USE_CXX11_ABI=1 -fPIC -std=c++17 -c /root/miniconda3/envs/kernelbench-musa/lib/python3.10/site-packages/torchada/csrc/musa_ops.mu -o musa_ops.o 
c++: warning: /root/miniconda3/envs/kernelbench-musa/lib/python3.10/site-packages/torchada/csrc/musa_ops.mu: linker input file unused because linking not done
[2/3] c++ -MMD -MF ops.o.d -DTORCH_EXTENSION_NAME=torchada_cpp_ops -DTORCH_API_INCLUDE_EXTENSION_H -DPYBIND11_COMPILER_TYPE=\"_gcc\" -DPYBIND11_STDLIB=\"_libstdcpp\" -DPYBIND11_BUILD_ABI=\"_cxxabi1016\" -I/root/miniconda3/envs/kernelbench-musa/lib/python3.10/site-packages/torchada/csrc -isystem /root/miniconda3/envs/kernelbench-musa/lib/python3.10/site-packages/torch/include -isystem /root/miniconda3/envs/kernelbench-musa/lib/python3.10/site-packages/torch/include/torch/csrc/api/include -isystem /root/miniconda3/envs/kernelbench-musa/lib/python3.10/site-packages/torch/include/TH -isystem /root/miniconda3/envs/kernelbench-musa/lib/python3.10/site-packages/torch/include/THC -isystem /root/miniconda3/envs/kernelbench-musa/include/python3.10 -D_GLIBCXX_USE_CXX11_ABI=1 -fPIC -std=c++17 -c /root/miniconda3/envs/kernelbench-musa/lib/python3.10/site-packages/torchada/csrc/ops.cpp -o ops.o 
FAILED: ops.o 
c++ -MMD -MF ops.o.d -DTORCH_EXTENSION_NAME=torchada_cpp_ops -DTORCH_API_INCLUDE_EXTENSION_H -DPYBIND11_COMPILER_TYPE=\"_gcc\" -DPYBIND11_STDLIB=\"_libstdcpp\" -DPYBIND11_BUILD_ABI=\"_cxxabi1016\" -I/root/miniconda3/envs/kernelbench-musa/lib/python3.10/site-packages/torchada/csrc -isystem /root/miniconda3/envs/kernelbench-musa/lib/python3.10/site-packages/torch/include -isystem /root/miniconda3/envs/kernelbench-musa/lib/python3.10/site-packages/torch/include/torch/csrc/api/include -isystem /root/miniconda3/envs/kernelbench-musa/lib/python3.10/site-packages/torch/include/TH -isystem /root/miniconda3/envs/kernelbench-musa/lib/python3.10/site-packages/torch/include/THC -isystem /root/miniconda3/envs/kernelbench-musa/include/python3.10 -D_GLIBCXX_USE_CXX11_ABI=1 -fPIC -std=c++17 -c /root/miniconda3/envs/kernelbench-musa/lib/python3.10/site-packages/torchada/csrc/ops.cpp -o ops.o 
/root/miniconda3/envs/kernelbench-musa/lib/python3.10/site-packages/torchada/csrc/ops.cpp:15:10: fatal error: torch_musa/csrc/core/Device.h: No such file or directory
   15 | #include "torch_musa/csrc/core/Device.h"
      |          ^~~~~~~~~~~~~~~~~~~~~~~~~~~~~~~
compilation terminated.
ninja: build stopped: subcommand failed.

  warnings.warn(f"Failed to load torchada C++ ops: {e}")

running build_ext
building 'kernelbench_level1_problem23_softmax_musa' extension
creating /root/autodl-tmp/KernelBench/runs/deepseek_api_level1_musa_s4000/build/problem_023/musa_kernelbench_level1_problem23_softmax_musa_c22412ab7ea2ac58/build
creating /root/autodl-tmp/KernelBench/runs/deepseek_api_level1_musa_s4000/build/problem_023/musa_kernelbench_level1_problem23_softmax_musa_c22412ab7ea2ac58/build/temp.linux-x86_64-cpython-310
creating /root/autodl-tmp/KernelBench/runs/deepseek_api_level1_musa_s4000/build/problem_023/musa_kernelbench_level1_problem23_softmax_musa_c22412ab7ea2ac58/build/temp.linux-x86_64-cpython-310/root
creating /root/autodl-tmp/KernelBench/runs/deepseek_api_level1_musa_s4000/build/problem_023/musa_kernelbench_level1_problem23_softmax_musa_c22412ab7ea2ac58/build/temp.linux-x86_64-cpython-310/root/autodl-tmp
creating /root/autodl-tmp/KernelBench/runs/deepseek_api_level1_musa_s4000/build/problem_023/musa_kernelbench_level1_problem23_softmax_musa_c22412ab7ea2ac58/build/temp.linux-x86_64-cpython-310/root/autodl-tmp/KernelBench
creating /root/autodl-tmp/KernelBench/runs/deepseek_api_level1_musa_s4000/build/problem_023/musa_kernelbench_level1_problem23_softmax_musa_c22412ab7ea2ac58/build/temp.linux-x86_64-cpython-310/root/autodl-tmp/KernelBench/runs
creating /root/autodl-tmp/KernelBench/runs/deepseek_api_level1_musa_s4000/build/problem_023/musa_kernelbench_level1_problem23_softmax_musa_c22412ab7ea2ac58/build/temp.linux-x86_64-cpython-310/root/autodl-tmp/KernelBench/runs/deepseek_api_level1_musa_s4000
creating /root/autodl-tmp/KernelBench/runs/deepseek_api_level1_musa_s4000/build/problem_023/musa_kernelbench_level1_problem23_softmax_musa_c22412ab7ea2ac58/build/temp.linux-x86_64-cpython-310/root/autodl-tmp/KernelBench/runs/deepseek_api_level1_musa_s4000/build
creating /root/autodl-tmp/KernelBench/runs/deepseek_api_level1_musa_s4000/build/problem_023/musa_kernelbench_level1_problem23_softmax_musa_c22412ab7ea2ac58/build/temp.linux-x86_64-cpython-310/root/autodl-tmp/KernelBench/runs/deepseek_api_level1_musa_s4000/build/problem_023
creating /root/autodl-tmp/KernelBench/runs/deepseek_api_level1_musa_s4000/build/problem_023/musa_kernelbench_level1_problem23_softmax_musa_c22412ab7ea2ac58/build/temp.linux-x86_64-cpython-310/root/autodl-tmp/KernelBench/runs/deepseek_api_level1_musa_s4000/build/problem_023/musa_kernelbench_level1_problem23_softmax_musa_c22412ab7ea2ac58
Emitting ninja build file /root/autodl-tmp/KernelBench/runs/deepseek_api_level1_musa_s4000/build/problem_023/musa_kernelbench_level1_problem23_softmax_musa_c22412ab7ea2ac58/build/temp.linux-x86_64-cpython-310/build.ninja...
Compiling objects...
Using envvar MAX_JOBS (16) as the number of workers...
[1/1] /usr/local/musa/bin/mcc -MD -MF /root/autodl-tmp/KernelBench/runs/deepseek_api_level1_musa_s4000/build/problem_023/musa_kernelbench_level1_problem23_softmax_musa_c22412ab7ea2ac58/build/temp.linux-x86_64-cpython-310/root/autodl-tmp/KernelBench/runs/deepseek_api_level1_musa_s4000/build/problem_023/musa_kernelbench_level1_problem23_softmax_musa_c22412ab7ea2ac58/kernel.o.d -DTORCH_MUSA_ARCH=220 -I/usr/local/musa/include -I/root/miniconda3/envs/kernelbench-musa/lib/python3.10/site-packages/torch_musa/share/generated_cuda_compatible/aten/src -I/root/miniconda3/envs/kernelbench-musa/lib/python3.10/site-packages/torch_musa/share/generated_cuda_compatible/include -I/root/miniconda3/envs/kernelbench-musa/lib/python3.10/site-packages/torch_musa/share/generated_cuda_compatible/include/torch/csrc/api/include -I/root/miniconda3/envs/kernelbench-musa/lib/python3.10/site-packages/torch_musa/share/torch_musa_codegen -I/root/miniconda3/envs/kernelbench-musa/lib/python3.10/site-packages -I/usr/local/musa/include -I/root/miniconda3/envs/kernelbench-musa/include/python3.10 -c -c /root/autodl-tmp/KernelBench/runs/deepseek_api_level1_musa_s4000/build/problem_023/musa_kernelbench_level1_problem23_softmax_musa_c22412ab7ea2ac58/kernel.mu -o /root/autodl-tmp/KernelBench/runs/deepseek_api_level1_musa_s4000/build/problem_023/musa_kernelbench_level1_problem23_softmax_musa_c22412ab7ea2ac58/build/temp.linux-x86_64-cpython-310/root/autodl-tmp/KernelBench/runs/deepseek_api_level1_musa_s4000/build/problem_023/musa_kernelbench_level1_problem23_softmax_musa_c22412ab7ea2ac58/kernel.o -fPIC --cuda-gpu-arch=mp_22 -march=native -DTORCH_API_INCLUDE_EXTENSION_H '-DPYBIND11_COMPILER_TYPE="_gcc"' '-DPYBIND11_STDLIB="_libstdcpp"' '-DPYBIND11_BUILD_ABI="_cxxabi1016"' -DTORCH_EXTENSION_NAME=kernelbench_level1_problem23_softmax_musa -D_GLIBCXX_USE_CXX11_ABI=1 -std=c++17
creating build/lib.linux-x86_64-cpython-310
g++ -pthread -B /root/miniconda3/envs/kernelbench-musa/compiler_compat -shared -Wl,-rpath,/root/miniconda3/envs/kernelbench-musa/lib -Wl,-rpath-link,/root/miniconda3/envs/kernelbench-musa/lib -L/root/miniconda3/envs/kernelbench-musa/lib -Wl,-rpath,/root/miniconda3/envs/kernelbench-musa/lib -Wl,-rpath-link,/root/miniconda3/envs/kernelbench-musa/lib -L/root/miniconda3/envs/kernelbench-musa/lib /root/autodl-tmp/KernelBench/runs/deepseek_api_level1_musa_s4000/build/problem_023/musa_kernelbench_level1_problem23_softmax_musa_c22412ab7ea2ac58/build/temp.linux-x86_64-cpython-310/root/autodl-tmp/KernelBench/runs/deepseek_api_level1_musa_s4000/build/problem_023/musa_kernelbench_level1_problem23_softmax_musa_c22412ab7ea2ac58/kernel.o -L/root/miniconda3/envs/kernelbench-musa/lib/python3.10/site-packages/torch/lib -L/root/miniconda3/envs/kernelbench-musa/lib/python3.10/site-packages/torch_musa/lib -L/usr/local/musa/lib -lc10 -ltorch -ltorch_cpu -ltorch_python -lmusa_python -o build/lib.linux-x86_64-cpython-310/kernelbench_level1_problem23_softmax_musa.cpython-310-x86_64-linux-gnu.so -Wl,-rpath,$ORIGIN/lib -Wl,-rpath,/root/miniconda3/envs/kernelbench-musa/lib/python3.10/site-packages/torch/lib -Wl,-rpath,/root/miniconda3/envs/kernelbench-musa/lib/python3.10/site-packages/torch_musa/lib
copying build/lib.linux-x86_64-cpython-310/kernelbench_level1_problem23_softmax_musa.cpython-310-x86_64-linux-gnu.so -> 
[musa_extension] Building kernelbench_level1_problem23_softmax_musa in /root/autodl-tmp/KernelBench/runs/deepseek_api_level1_musa_s4000/build/problem_023/musa_kernelbench_level1_problem23_softmax_musa_c22412ab7ea2ac58
[Profiling] Using timing method: cuda_event
[Profiling] Using device: musa:0 MTT S4000, warm up 3, trials 100
[Profiling] Using timing method: cuda_event
[Profiling] Using device: musa:0 MTT S4000, warm up 3, trials 100
RESULT problem=23 compiled=True correct=True kernel_ms=171.0 ref_ms=35.3 speedup=0.2064327485380117
